Input: {"method":"self","data":"I feel tired"}
Status: 200
Result: {
  mood: 'tired',
  confidence: 0.85,
  recommendations: {
    outfit: [ 'Comfy Hoodie', 'Soft Joggers' ],
    playlist: '37i9dQZF1DWZqd5JICZI0u',
    workout: 'Restorative Yoga',
    food: 'Warm Tea & Soup',
    affirmation: 'Rest is productive.',
    productivity: 'Low-focus tasks'
  }
}
---
Input: {"method":"self","data":"I am so happy"}
Status: 200
Result: {
  mood: 'happy',
  confidence: 0.92,
  recommendations: {
    outfit: [ 'Bright Colors', 'Casual Jeans' ],
    playlist: '37i9dQZF1DXdPec7aLTmlC',
    workout: 'Dance Cardio',
    food: 'Fresh Fruit Salad',
    affirmation: 'Spread your joy.',
    productivity: 'Creative brainstorming'
  }
}
---
Input: {"method":"self","data":"I feel sad"}
Status: 200
Result: {
  mood: 'calm',
  confidence: 0.8,
  recommendations: {
    outfit: [ 'Minimalist Basic', 'Earth Tones' ],
    playlist: '37i9dQZF1DWZqd5JICZI0u',
    workout: 'Pilates',
    food: 'Balanced Grain Bowl',
    affirmation: 'Peace comes from within.',
    productivity: 'Steady workflow'
  }
}
---
Input: {"method":"face","data":"scan_data"}
Status: 200
Result: {
  mood: 'energized',
  confidence: 0.92,
  recommendations: {
    outfit: [ 'Athleisure', 'Statement Sneakers' ],
    playlist: '37i9dQZF1DX76Wlfdnj7AP',
    workout: 'HIIT Session',
    food: 'Protein Bowl',
    affirmation: 'Conquer the day.',
    productivity: 'Deep work sprints'
  }
}
---
